
> navigator@2.7.0 test:run
> vitest run src/modules/career/components/GapAnalysisSection.test.tsx


[1m[46m RUN [49m[22m [36mv4.0.18 [39m[90m/Users/ryan/Desktop/Coding/Production/Job Fit[39m

 [31m❯[39m src/modules/career/components/GapAnalysisSection.test.tsx [2m([22m[2m6 tests[22m[2m | [22m[31m6 failed[39m[2m)[22m[32m 19[2mms[22m[39m
[31m     [31m×[31m renders empty state when no jobs are present[39m[32m 13[2mms[22m[39m
[31m     [31m×[31m renders target job cards[39m[32m 1[2mms[22m[39m
[31m     [31m×[31m triggers strict mode toggle for all jobs[39m[32m 1[2mms[22m[39m
[31m     [31m×[31m renders analysis results when present[39m[32m 1[2mms[22m[39m
[31m     [31m×[31m renders roadmap and progress bar[39m[32m 1[2mms[22m[39m
[31m     [31m×[31m triggers milestone toggle[39m[32m 1[2mms[22m[39m

[31m⎯⎯⎯⎯⎯⎯⎯[39m[1m[41m Failed Tests 6 [49m[22m[31m⎯⎯⎯⎯⎯⎯⎯[39m

[41m[1m FAIL [22m[49m src/modules/career/components/GapAnalysisSection.test.tsx[2m > [22mGapAnalysisSection[2m > [22mrenders empty state when no jobs are present
[41m[1m FAIL [22m[49m src/modules/career/components/GapAnalysisSection.test.tsx[2m > [22mGapAnalysisSection[2m > [22mrenders target job cards
[41m[1m FAIL [22m[49m src/modules/career/components/GapAnalysisSection.test.tsx[2m > [22mGapAnalysisSection[2m > [22mtriggers strict mode toggle for all jobs
[41m[1m FAIL [22m[49m src/modules/career/components/GapAnalysisSection.test.tsx[2m > [22mGapAnalysisSection[2m > [22mrenders analysis results when present
[41m[1m FAIL [22m[49m src/modules/career/components/GapAnalysisSection.test.tsx[2m > [22mGapAnalysisSection[2m > [22mrenders roadmap and progress bar
[41m[1m FAIL [22m[49m src/modules/career/components/GapAnalysisSection.test.tsx[2m > [22mGapAnalysisSection[2m > [22mtriggers milestone toggle
[31m[1mError[22m: useToast must be used within ToastProvider[39m
[36m [2m❯[22m useToast src/contexts/ToastContext.tsx:[2m61:15[22m[39m
    [90m 59| [39m    [35mconst[39m context [33m=[39m [34museContext[39m([33mToastContext[39m)[33m;[39m
    [90m 60| [39m    [35mif[39m ([33m![39mcontext) {
    [90m 61| [39m        [35mthrow[39m [35mnew[39m [33mError[39m([32m'useToast must be used within ToastProvider'[39m)[33m;[39m
    [90m   | [39m              [31m^[39m
    [90m 62| [39m    }
    [90m 63| [39m    [35mreturn[39m context[33m;[39m
[90m [2m❯[22m GapAnalysisSection src/modules/career/components/GapAnalysisSection.tsx:[2m41:29[22m[39m
[90m [2m❯[22m Object.react_stack_bottom_frame node_modules/react-dom/cjs/react-dom-client.development.js:[2m25904:20[22m[39m
[90m [2m❯[22m renderWithHooks node_modules/react-dom/cjs/react-dom-client.development.js:[2m7662:22[22m[39m
[90m [2m❯[22m updateFunctionComponent node_modules/react-dom/cjs/react-dom-client.development.js:[2m10166:19[22m[39m
[90m [2m❯[22m beginWork node_modules/react-dom/cjs/react-dom-client.development.js:[2m11778:18[22m[39m
[90m [2m❯[22m runWithFiberInDEV node_modules/react-dom/cjs/react-dom-client.development.js:[2m874:13[22m[39m
[90m [2m❯[22m performUnitOfWork node_modules/react-dom/cjs/react-dom-client.development.js:[2m17641:22[22m[39m
[90m [2m❯[22m workLoopSync node_modules/react-dom/cjs/react-dom-client.development.js:[2m17469:41[22m[39m
[90m [2m❯[22m renderRootSync node_modules/react-dom/cjs/react-dom-client.development.js:[2m17450:11[22m[39m

[31m[2m⎯⎯⎯⎯⎯⎯⎯⎯⎯⎯⎯⎯⎯⎯⎯⎯⎯⎯⎯⎯⎯⎯⎯⎯[1/6]⎯[22m[39m


[2m Test Files [22m [1m[31m1 failed[39m[22m[90m (1)[39m
[2m      Tests [22m [1m[31m6 failed[39m[22m[90m (6)[39m
[2m   Start at [22m 23:55:31
[2m   Duration [22m 1.25s[2m (transform 183ms, setup 388ms, import 208ms, tests 19ms, environment 455ms)[22m

